../Core/Src/main.c:165:5:main	56	static
../Core/Src/main.c:255:6:SystemClock_Config	88	static
../Core/Src/main.c:302:13:MX_TIM3_Init	64	static
../Core/Src/main.c:361:13:MX_TIM4_Init	64	static
../Core/Src/main.c:420:13:MX_TIM14_Init	8	static
../Core/Src/main.c:449:13:MX_DMA_Init	16	static
../Core/Src/main.c:467:13:MX_GPIO_Init	56	static
../Core/Src/main.c:616:6:MENU	8	static
../Core/Src/main.c:717:6:PLAYER	16	static
../Core/Src/main.c:798:9:COLOR_PLAYER	16	static
../Core/Src/main.c:815:6:TRANSICION	8	static
../Core/Src/main.c:836:6:INICIO_JUEGO	8	static
../Core/Src/main.c:855:6:JUGADA_ACEPTADA	64	static
../Core/Src/main.c:888:9:WIN_CONDITION	24	static
../Core/Src/main.c:957:6:END_GAME	8	static
../Core/Src/main.c:998:6:TRANSICION_END_GAME	72	static
../Core/Src/main.c:1037:6:CPU_JUEGA	24	static
../Core/Src/main.c:1132:6:Error_Handler	4	static,ignoring_inline_asm
